================================================================
== Design Size Report
================================================================

* Total Instructions per Compilation Phase
+---------------+-----------------------------+--------------+----------------------------------------------------------------------------------------+
| Phase         | Step                        | Instructions | Description                                                                            |
+---------------+-----------------------------+--------------+----------------------------------------------------------------------------------------+
| Compile/Link  |                             |  1,361       | After all functions are compiled and linked into a single design                       |
|               |                             |              |                                                                                        |
| Unroll/Inline |                             |              | After user unroll and inline pragmas are applied                                       |
|               | (1) unroll                  | 49,414       | user unroll pragmas are applied                                                        |
|               | (2) simplification          | 37,184       | simplification of applied user unroll pragmas                                          |
|               | (3) inline                  | 35,370       | user inline pragmas are applied                                                        |
|               | (4) simplification          | 35,348       | simplification of applied user inline pragmas                                          |
|               |                             |              |                                                                                        |
| Array/Struct  |                             |              | After user array partition and struct aggregate/disaggregate pragmas are applied       |
|               | (1) array partition         | 33,477       | user array partition pragmas are applied                                               |
|               | (2) simplification          | 33,477       | simplification of applied user array partition & struct aggregate/disaggregate pragmas |
|               | (3) aggregate/disaggregate  | 33,478       | user struct aggregate/disaggregate pragmas are applied                                 |
|               | (4) array reshape           | 36,754       | apply array reshape pragmas                                                            |
|               | (5) access patterns         | 36,753       | array access pattern optmizations                                                      |
|               |                             |              |                                                                                        |
| Performance   |                             |              | After transformations are applied to meet performance pragma targets                   |
|               | (1) loop simplification     | 36,744       | loop and instruction simplification                                                    |
|               | (2) parallelization         | 36,546       | loops are unrolled or pipelined to meet performance targets                            |
|               | (3) array partition         | 36,546       | arrays are partitioned to meet performance targets                                     |
|               | (4) simplification          | 36,546       | simplification of design after performance transformations                             |
|               |                             |              |                                                                                        |
| HW Transforms |                             |              | After hardware transfomations                                                          |
|               | (1) lowering                | 36,553       | initial conversion to HW specific instructions                                         |
|               | (2) optimizations           | 36,554       | high level synthesis optimizations                                                     |
+---------------+-----------------------------+--------------+----------------------------------------------------------------------------------------+

* Instructions per Function for each Compilation Phase
+----------------------+-------------------------+--------------+---------------+--------------+-------------+---------------+
| Function             | Location                | Compile/Link | Unroll/Inline | Array/Struct | Performance | HW Transforms |
+----------------------+-------------------------+--------------+---------------+--------------+-------------+---------------+
| + ecal_cosmic_hls    | ecal_cosmic_hls.cpp:33  | 1,361        | 35,348        | 36,753       | 36,546      | 36,554        |
|    Trig_multiplicity | ecal_cosmic_hls.cpp:117 |  173         |   445         |   446        |             |               |
|    Disc              | ecal_cosmic_hls.cpp:150 |  317         |   100         |   100        |             |               |
+----------------------+-------------------------+--------------+---------------+--------------+-------------+---------------+

* Design Size Message Settings
+---------------------------------------------+--------+------------------------------------------------------------------+
| Message Setting                             | Value  | Description                                                      |
+---------------------------------------------+--------+------------------------------------------------------------------+
| config_compile -design_size_maximum_warning | 100000 | Show a warning when total design instructions exceeds this value |
+---------------------------------------------+--------+------------------------------------------------------------------+


