================================================================
== Design Size Report
================================================================

* Instructions per Function for each Compilation Phase
+-------------------+-------------------------+-----------------+------------------+----------------------+---------------+
| Function          | Location                | Compile/Link    | Unroll/Inline    | Performance/Pipeline | Optimizations |
+-------------------+-------------------------+-----------------+------------------+----------------------+---------------+
| + ecal_cosmic_hls | ecal_cosmic_hls.cpp:7   | 2,186           | 7,562            | 5,716                | 5,722         |
|    smo_multi_trig | ecal_cosmic_hls.cpp:114 |   420 (3 calls) | 1,776 (24 calls) |                      |               |
|    disc           | ecal_cosmic_hls.cpp:94  |   168           |   306 (3 calls)  |                      |               |
|    newsmo_trig    | ecal_cosmic_hls.cpp:127 |   357           | 1,509 (3 calls)  |                      |               |
|    gen_trig       | ecal_cosmic_hls.cpp:146 |   177           |   154            |                      |               |
|                   | ecal_cosmic_hls.h:40    |    10           |                  |                      |               |
+-------------------+-------------------------+-----------------+------------------+----------------------+---------------+

* Description of Compilation Phases
+----------------------+------------------------------------------------------------+
| Compilation Phase    | Description                                                |
+----------------------+------------------------------------------------------------+
| Compile/Link         | All functions are compiled and linked into a single design |
| Unroll/Inline        | After user unroll and inline pragmas are applied           |
| Performance/Pipeline | After performance and pipeline pragmas are applied         |
| Optimizations        | After high level synthesis optimizations                   |
+----------------------+------------------------------------------------------------+

* Design Size Message Settings
+---------------------------------------------+--------+------------------------------------------------------------------+
| Message Setting                             | Value  | Description                                                      |
+---------------------------------------------+--------+------------------------------------------------------------------+
| config_compile -design_size_maximum_warning | 100000 | Show a warning when total design instructions exceeds this value |
+---------------------------------------------+--------+------------------------------------------------------------------+


