

================================================================
== Synthesis Summary Report of 'ecal_cosmic_hls'
================================================================
+ General Information: 
    * Date:           Thu Mar 21 15:26:49 2024
    * Version:        2023.2 (Build 4023990 on Oct 11 2023)
    * Project:        SBS_ECAL_trigger
    * Solution:       solution1 (Vivado IP Flow Target)
    * Product family: virtex7
    * Target device:  xc7vx550t-ffg1927-1
    

+ Performance & Resource Estimates: 
    
    PS: '+' for module; 'o' for loop; '*' for dataflow
    +----------------------+------+-------+---------+---------+----------+---------+------+----------+------+----+------------+------------+-----+
    |        Modules       | Issue|       | Latency | Latency | Iteration|         | Trip |          |      |    |            |            |     |
    |        & Loops       | Type | Slack | (cycles)|   (ns)  |  Latency | Interval| Count| Pipelined| BRAM | DSP|     FF     |     LUT    | URAM|
    +----------------------+------+-------+---------+---------+----------+---------+------+----------+------+----+------------+------------+-----+
    |+ ecal_cosmic_hls     |     -|  11.05|        -|        -|         -|        -|     -|        no|     -|   -|  10198 (1%)|  21307 (6%)|    -|
    | o VITIS_LOOP_33_3    |     -|  23.36|        8|  256.000|         1|        -|     8|        no|     -|   -|           -|           -|    -|
    | o VITIS_LOOP_33_3    |     -|  23.36|        8|  256.000|         1|        -|     8|        no|     -|   -|           -|           -|    -|
    | o VITIS_LOOP_33_3    |     -|  23.36|        8|  256.000|         1|        -|     8|        no|     -|   -|           -|           -|    -|
    | o VITIS_LOOP_33_3    |     -|  23.36|        8|  256.000|         1|        -|     8|        no|     -|   -|           -|           -|    -|
    | o VITIS_LOOP_33_3    |     -|  23.36|        8|  256.000|         1|        -|     8|        no|     -|   -|           -|           -|    -|
    | o VITIS_LOOP_33_3    |     -|  23.36|        8|  256.000|         1|        -|     8|        no|     -|   -|           -|           -|    -|
    | o VITIS_LOOP_33_3    |     -|  23.36|        8|  256.000|         1|        -|     8|        no|     -|   -|           -|           -|    -|
    | o VITIS_LOOP_33_3    |     -|  23.36|        8|  256.000|         1|        -|     8|        no|     -|   -|           -|           -|    -|
    | o VITIS_LOOP_33_3    |     -|  23.36|        8|  256.000|         1|        -|     8|        no|     -|   -|           -|           -|    -|
    | o VITIS_LOOP_33_3    |     -|  23.36|        8|  256.000|         1|        -|     8|        no|     -|   -|           -|           -|    -|
    | o VITIS_LOOP_33_3    |     -|  23.36|        8|  256.000|         1|        -|     8|        no|     -|   -|           -|           -|    -|
    | o VITIS_LOOP_33_3    |     -|  23.36|        8|  256.000|         1|        -|     8|        no|     -|   -|           -|           -|    -|
    | o VITIS_LOOP_33_3    |     -|  23.36|        8|  256.000|         1|        -|     8|        no|     -|   -|           -|           -|    -|
    | o VITIS_LOOP_33_3    |     -|  23.36|        8|  256.000|         1|        -|     8|        no|     -|   -|           -|           -|    -|
    | o VITIS_LOOP_33_3    |     -|  23.36|        8|  256.000|         1|        -|     8|        no|     -|   -|           -|           -|    -|
    | o VITIS_LOOP_33_3    |     -|  23.36|        8|  256.000|         1|        -|     8|        no|     -|   -|           -|           -|    -|
    | o VITIS_LOOP_33_3    |     -|  23.36|        8|  256.000|         1|        -|     8|        no|     -|   -|           -|           -|    -|
    | o VITIS_LOOP_33_3    |     -|  23.36|        8|  256.000|         1|        -|     8|        no|     -|   -|           -|           -|    -|
    | o VITIS_LOOP_33_3    |     -|  23.36|        8|  256.000|         1|        -|     8|        no|     -|   -|           -|           -|    -|
    | o VITIS_LOOP_33_3    |     -|  23.36|        8|  256.000|         1|        -|     8|        no|     -|   -|           -|           -|    -|
    | o VITIS_LOOP_33_3    |     -|  23.36|        8|  256.000|         1|        -|     8|        no|     -|   -|           -|           -|    -|
    | o VITIS_LOOP_33_3    |     -|  23.36|        8|  256.000|         1|        -|     8|        no|     -|   -|           -|           -|    -|
    | o VITIS_LOOP_33_3    |     -|  23.36|        8|  256.000|         1|        -|     8|        no|     -|   -|           -|           -|    -|
    | o VITIS_LOOP_33_3    |     -|  23.36|        8|  256.000|         1|        -|     8|        no|     -|   -|           -|           -|    -|
    | o VITIS_LOOP_33_3    |     -|  23.36|        8|  256.000|         1|        -|     8|        no|     -|   -|           -|           -|    -|
    | o VITIS_LOOP_33_3    |     -|  23.36|        8|  256.000|         1|        -|     8|        no|     -|   -|           -|           -|    -|
    | o VITIS_LOOP_33_3    |     -|  23.36|        8|  256.000|         1|        -|     8|        no|     -|   -|           -|           -|    -|
    | o VITIS_LOOP_33_3    |     -|  23.36|        8|  256.000|         1|        -|     8|        no|     -|   -|           -|           -|    -|
    | o VITIS_LOOP_33_3    |     -|  23.36|        8|  256.000|         1|        -|     8|        no|     -|   -|           -|           -|    -|
    | o VITIS_LOOP_33_3    |     -|  23.36|        8|  256.000|         1|        -|     8|        no|     -|   -|           -|           -|    -|
    | o VITIS_LOOP_33_3    |     -|  23.36|        8|  256.000|         1|        -|     8|        no|     -|   -|           -|           -|    -|
    | o VITIS_LOOP_33_3    |     -|  23.36|        8|  256.000|         1|        -|     8|        no|     -|   -|           -|           -|    -|
    | o VITIS_LOOP_33_3    |     -|  23.36|        8|  256.000|         1|        -|     8|        no|     -|   -|           -|           -|    -|
    | o VITIS_LOOP_33_3    |     -|  23.36|        8|  256.000|         1|        -|     8|        no|     -|   -|           -|           -|    -|
    | o VITIS_LOOP_33_3    |     -|  23.36|        8|  256.000|         1|        -|     8|        no|     -|   -|           -|           -|    -|
    | o VITIS_LOOP_33_3    |     -|  23.36|        8|  256.000|         1|        -|     8|        no|     -|   -|           -|           -|    -|
    | o VITIS_LOOP_33_3    |     -|  23.36|        8|  256.000|         1|        -|     8|        no|     -|   -|           -|           -|    -|
    | o VITIS_LOOP_33_3    |     -|  23.36|        8|  256.000|         1|        -|     8|        no|     -|   -|           -|           -|    -|
    | o VITIS_LOOP_33_3    |     -|  23.36|        8|  256.000|         1|        -|     8|        no|     -|   -|           -|           -|    -|
    | o VITIS_LOOP_33_3    |     -|  23.36|        8|  256.000|         1|        -|     8|        no|     -|   -|           -|           -|    -|
    | o VITIS_LOOP_33_3    |     -|  23.36|        8|  256.000|         1|        -|     8|        no|     -|   -|           -|           -|    -|
    | o VITIS_LOOP_33_3    |     -|  23.36|        8|  256.000|         1|        -|     8|        no|     -|   -|           -|           -|    -|
    | o VITIS_LOOP_33_3    |     -|  23.36|        8|  256.000|         1|        -|     8|        no|     -|   -|           -|           -|    -|
    | o VITIS_LOOP_33_3    |     -|  23.36|        8|  256.000|         1|        -|     8|        no|     -|   -|           -|           -|    -|
    | o VITIS_LOOP_33_3    |     -|  23.36|        8|  256.000|         1|        -|     8|        no|     -|   -|           -|           -|    -|
    | o VITIS_LOOP_33_3    |     -|  23.36|        8|  256.000|         1|        -|     8|        no|     -|   -|           -|           -|    -|
    | o VITIS_LOOP_33_3    |     -|  23.36|        8|  256.000|         1|        -|     8|        no|     -|   -|           -|           -|    -|
    | o VITIS_LOOP_33_3    |     -|  23.36|        8|  256.000|         1|        -|     8|        no|     -|   -|           -|           -|    -|
    | o VITIS_LOOP_33_3    |     -|  23.36|        8|  256.000|         1|        -|     8|        no|     -|   -|           -|           -|    -|
    | o VITIS_LOOP_33_3    |     -|  23.36|        8|  256.000|         1|        -|     8|        no|     -|   -|           -|           -|    -|
    | o VITIS_LOOP_33_3    |     -|  23.36|        8|  256.000|         1|        -|     8|        no|     -|   -|           -|           -|    -|
    | o VITIS_LOOP_33_3    |     -|  23.36|        8|  256.000|         1|        -|     8|        no|     -|   -|           -|           -|    -|
    | o VITIS_LOOP_33_3    |     -|  23.36|        8|  256.000|         1|        -|     8|        no|     -|   -|           -|           -|    -|
    | o VITIS_LOOP_33_3    |     -|  23.36|        8|  256.000|         1|        -|     8|        no|     -|   -|           -|           -|    -|
    | o VITIS_LOOP_33_3    |     -|  23.36|        8|  256.000|         1|        -|     8|        no|     -|   -|           -|           -|    -|
    | o VITIS_LOOP_33_3    |     -|  23.36|        8|  256.000|         1|        -|     8|        no|     -|   -|           -|           -|    -|
    | o VITIS_LOOP_33_3    |     -|  23.36|        8|  256.000|         1|        -|     8|        no|     -|   -|           -|           -|    -|
    | o VITIS_LOOP_33_3    |     -|  23.36|        8|  256.000|         1|        -|     8|        no|     -|   -|           -|           -|    -|
    | o VITIS_LOOP_33_3    |     -|  23.36|        8|  256.000|         1|        -|     8|        no|     -|   -|           -|           -|    -|
    | o VITIS_LOOP_33_3    |     -|  23.36|        8|  256.000|         1|        -|     8|        no|     -|   -|           -|           -|    -|
    | o VITIS_LOOP_33_3    |     -|  23.36|        8|  256.000|         1|        -|     8|        no|     -|   -|           -|           -|    -|
    | o VITIS_LOOP_33_3    |     -|  23.36|        8|  256.000|         1|        -|     8|        no|     -|   -|           -|           -|    -|
    | o VITIS_LOOP_33_3    |     -|  23.36|        8|  256.000|         1|        -|     8|        no|     -|   -|           -|           -|    -|
    | o VITIS_LOOP_33_3    |     -|  23.36|        8|  256.000|         1|        -|     8|        no|     -|   -|           -|           -|    -|
    | o VITIS_LOOP_33_3    |     -|  23.36|        8|  256.000|         1|        -|     8|        no|     -|   -|           -|           -|    -|
    | o VITIS_LOOP_33_3    |     -|  23.36|        8|  256.000|         1|        -|     8|        no|     -|   -|           -|           -|    -|
    | o VITIS_LOOP_33_3    |     -|  23.36|        8|  256.000|         1|        -|     8|        no|     -|   -|           -|           -|    -|
    | o VITIS_LOOP_33_3    |     -|  23.36|        8|  256.000|         1|        -|     8|        no|     -|   -|           -|           -|    -|
    | o VITIS_LOOP_33_3    |     -|  23.36|        8|  256.000|         1|        -|     8|        no|     -|   -|           -|           -|    -|
    | o VITIS_LOOP_33_3    |     -|  23.36|        8|  256.000|         1|        -|     8|        no|     -|   -|           -|           -|    -|
    | o VITIS_LOOP_33_3    |     -|  23.36|        8|  256.000|         1|        -|     8|        no|     -|   -|           -|           -|    -|
    | o VITIS_LOOP_33_3    |     -|  23.36|        8|  256.000|         1|        -|     8|        no|     -|   -|           -|           -|    -|
    | o VITIS_LOOP_33_3    |     -|  23.36|        8|  256.000|         1|        -|     8|        no|     -|   -|           -|           -|    -|
    | o VITIS_LOOP_33_3    |     -|  23.36|        8|  256.000|         1|        -|     8|        no|     -|   -|           -|           -|    -|
    | o VITIS_LOOP_33_3    |     -|  23.36|        8|  256.000|         1|        -|     8|        no|     -|   -|           -|           -|    -|
    | o VITIS_LOOP_33_3    |     -|  23.36|        8|  256.000|         1|        -|     8|        no|     -|   -|           -|           -|    -|
    | o VITIS_LOOP_33_3    |     -|  23.36|        8|  256.000|         1|        -|     8|        no|     -|   -|           -|           -|    -|
    | o VITIS_LOOP_33_3    |     -|  23.36|        8|  256.000|         1|        -|     8|        no|     -|   -|           -|           -|    -|
    | o VITIS_LOOP_33_3    |     -|  23.36|        8|  256.000|         1|        -|     8|        no|     -|   -|           -|           -|    -|
    | o VITIS_LOOP_33_3    |     -|  23.36|        8|  256.000|         1|        -|     8|        no|     -|   -|           -|           -|    -|
    | o VITIS_LOOP_33_3    |     -|  23.36|        8|  256.000|         1|        -|     8|        no|     -|   -|           -|           -|    -|
    | o VITIS_LOOP_33_3    |     -|  23.36|        8|  256.000|         1|        -|     8|        no|     -|   -|           -|           -|    -|
    | o VITIS_LOOP_33_3    |     -|  23.36|        8|  256.000|         1|        -|     8|        no|     -|   -|           -|           -|    -|
    | o VITIS_LOOP_33_3    |     -|  23.36|        8|  256.000|         1|        -|     8|        no|     -|   -|           -|           -|    -|
    | o VITIS_LOOP_33_3    |     -|  23.36|        8|  256.000|         1|        -|     8|        no|     -|   -|           -|           -|    -|
    | o VITIS_LOOP_33_3    |     -|  23.36|        8|  256.000|         1|        -|     8|        no|     -|   -|           -|           -|    -|
    | o VITIS_LOOP_33_3    |     -|  23.36|        8|  256.000|         1|        -|     8|        no|     -|   -|           -|           -|    -|
    | o VITIS_LOOP_33_3    |     -|  23.36|        8|  256.000|         1|        -|     8|        no|     -|   -|           -|           -|    -|
    | o VITIS_LOOP_33_3    |     -|  23.36|        8|  256.000|         1|        -|     8|        no|     -|   -|           -|           -|    -|
    | o VITIS_LOOP_33_3    |     -|  23.36|        8|  256.000|         1|        -|     8|        no|     -|   -|           -|           -|    -|
    | o VITIS_LOOP_33_3    |     -|  23.36|        8|  256.000|         1|        -|     8|        no|     -|   -|           -|           -|    -|
    | o VITIS_LOOP_33_3    |     -|  23.36|        8|  256.000|         1|        -|     8|        no|     -|   -|           -|           -|    -|
    | o VITIS_LOOP_33_3    |     -|  23.36|        8|  256.000|         1|        -|     8|        no|     -|   -|           -|           -|    -|
    | o VITIS_LOOP_33_3    |     -|  23.36|        8|  256.000|         1|        -|     8|        no|     -|   -|           -|           -|    -|
    | o VITIS_LOOP_33_3    |     -|  23.36|        8|  256.000|         1|        -|     8|        no|     -|   -|           -|           -|    -|
    | o VITIS_LOOP_33_3    |     -|  23.36|        8|  256.000|         1|        -|     8|        no|     -|   -|           -|           -|    -|
    | o VITIS_LOOP_33_3    |     -|  23.36|        8|  256.000|         1|        -|     8|        no|     -|   -|           -|           -|    -|
    | o VITIS_LOOP_33_3    |     -|  23.36|        8|  256.000|         1|        -|     8|        no|     -|   -|           -|           -|    -|
    | o VITIS_LOOP_33_3    |     -|  23.36|        8|  256.000|         1|        -|     8|        no|     -|   -|           -|           -|    -|
    | o VITIS_LOOP_33_3    |     -|  23.36|        8|  256.000|         1|        -|     8|        no|     -|   -|           -|           -|    -|
    | o VITIS_LOOP_33_3    |     -|  23.36|        8|  256.000|         1|        -|     8|        no|     -|   -|           -|           -|    -|
    | o VITIS_LOOP_33_3    |     -|  23.36|        8|  256.000|         1|        -|     8|        no|     -|   -|           -|           -|    -|
    | o VITIS_LOOP_33_3    |     -|  23.36|        8|  256.000|         1|        -|     8|        no|     -|   -|           -|           -|    -|
    | o VITIS_LOOP_33_3    |     -|  23.36|        8|  256.000|         1|        -|     8|        no|     -|   -|           -|           -|    -|
    | o VITIS_LOOP_33_3    |     -|  23.36|        8|  256.000|         1|        -|     8|        no|     -|   -|           -|           -|    -|
    | o VITIS_LOOP_33_3    |     -|  23.36|        8|  256.000|         1|        -|     8|        no|     -|   -|           -|           -|    -|
    | o VITIS_LOOP_33_3    |     -|  23.36|        8|  256.000|         1|        -|     8|        no|     -|   -|           -|           -|    -|
    | o VITIS_LOOP_33_3    |     -|  23.36|        8|  256.000|         1|        -|     8|        no|     -|   -|           -|           -|    -|
    | o VITIS_LOOP_33_3    |     -|  23.36|        8|  256.000|         1|        -|     8|        no|     -|   -|           -|           -|    -|
    | o VITIS_LOOP_33_3    |     -|  23.36|        8|  256.000|         1|        -|     8|        no|     -|   -|           -|           -|    -|
    | o VITIS_LOOP_33_3    |     -|  23.36|        8|  256.000|         1|        -|     8|        no|     -|   -|           -|           -|    -|
    | o VITIS_LOOP_33_3    |     -|  23.36|        8|  256.000|         1|        -|     8|        no|     -|   -|           -|           -|    -|
    | o VITIS_LOOP_33_3    |     -|  23.36|        8|  256.000|         1|        -|     8|        no|     -|   -|           -|           -|    -|
    | o VITIS_LOOP_33_3    |     -|  23.36|        8|  256.000|         1|        -|     8|        no|     -|   -|           -|           -|    -|
    | o VITIS_LOOP_33_3    |     -|  23.36|        8|  256.000|         1|        -|     8|        no|     -|   -|           -|           -|    -|
    | o VITIS_LOOP_33_3    |     -|  23.36|        8|  256.000|         1|        -|     8|        no|     -|   -|           -|           -|    -|
    | o VITIS_LOOP_33_3    |     -|  23.36|        8|  256.000|         1|        -|     8|        no|     -|   -|           -|           -|    -|
    | o VITIS_LOOP_33_3    |     -|  23.36|        8|  256.000|         1|        -|     8|        no|     -|   -|           -|           -|    -|
    | o VITIS_LOOP_33_3    |     -|  23.36|        8|  256.000|         1|        -|     8|        no|     -|   -|           -|           -|    -|
    | o VITIS_LOOP_33_3    |     -|  23.36|        8|  256.000|         1|        -|     8|        no|     -|   -|           -|           -|    -|
    | o VITIS_LOOP_33_3    |     -|  23.36|        8|  256.000|         1|        -|     8|        no|     -|   -|           -|           -|    -|
    | o VITIS_LOOP_33_3    |     -|  23.36|        8|  256.000|         1|        -|     8|        no|     -|   -|           -|           -|    -|
    | o VITIS_LOOP_33_3    |     -|  23.36|        8|  256.000|         1|        -|     8|        no|     -|   -|           -|           -|    -|
    | o VITIS_LOOP_33_3    |     -|  23.36|        8|  256.000|         1|        -|     8|        no|     -|   -|           -|           -|    -|
    | o VITIS_LOOP_33_3    |     -|  23.36|        8|  256.000|         1|        -|     8|        no|     -|   -|           -|           -|    -|
    | o VITIS_LOOP_33_3    |     -|  23.36|        8|  256.000|         1|        -|     8|        no|     -|   -|           -|           -|    -|
    | o VITIS_LOOP_33_3    |     -|  23.36|        8|  256.000|         1|        -|     8|        no|     -|   -|           -|           -|    -|
    | o VITIS_LOOP_33_3    |     -|  23.36|        8|  256.000|         1|        -|     8|        no|     -|   -|           -|           -|    -|
    | o VITIS_LOOP_33_3    |     -|  23.36|        8|  256.000|         1|        -|     8|        no|     -|   -|           -|           -|    -|
    | o VITIS_LOOP_33_3    |     -|  23.36|        8|  256.000|         1|        -|     8|        no|     -|   -|           -|           -|    -|
    | o VITIS_LOOP_33_3    |     -|  23.36|        8|  256.000|         1|        -|     8|        no|     -|   -|           -|           -|    -|
    | o VITIS_LOOP_33_3    |     -|  23.36|        8|  256.000|         1|        -|     8|        no|     -|   -|           -|           -|    -|
    | o VITIS_LOOP_33_3    |     -|  23.36|        8|  256.000|         1|        -|     8|        no|     -|   -|           -|           -|    -|
    | o VITIS_LOOP_33_3    |     -|  23.36|        8|  256.000|         1|        -|     8|        no|     -|   -|           -|           -|    -|
    | o VITIS_LOOP_33_3    |     -|  23.36|        8|  256.000|         1|        -|     8|        no|     -|   -|           -|           -|    -|
    | o VITIS_LOOP_33_3    |     -|  23.36|        8|  256.000|         1|        -|     8|        no|     -|   -|           -|           -|    -|
    | o VITIS_LOOP_33_3    |     -|  23.36|        8|  256.000|         1|        -|     8|        no|     -|   -|           -|           -|    -|
    | o VITIS_LOOP_33_3    |     -|  23.36|        8|  256.000|         1|        -|     8|        no|     -|   -|           -|           -|    -|
    | o VITIS_LOOP_33_3    |     -|  23.36|        8|  256.000|         1|        -|     8|        no|     -|   -|           -|           -|    -|
    | o VITIS_LOOP_33_3    |     -|  23.36|        8|  256.000|         1|        -|     8|        no|     -|   -|           -|           -|    -|
    | o VITIS_LOOP_33_3    |     -|  23.36|        8|  256.000|         1|        -|     8|        no|     -|   -|           -|           -|    -|
    | o VITIS_LOOP_33_3    |     -|  23.36|        8|  256.000|         1|        -|     8|        no|     -|   -|           -|           -|    -|
    | o VITIS_LOOP_33_3    |     -|  23.36|        8|  256.000|         1|        -|     8|        no|     -|   -|           -|           -|    -|
    | o VITIS_LOOP_33_3    |     -|  23.36|        8|  256.000|         1|        -|     8|        no|     -|   -|           -|           -|    -|
    | o VITIS_LOOP_33_3    |     -|  23.36|        8|  256.000|         1|        -|     8|        no|     -|   -|           -|           -|    -|
    | o VITIS_LOOP_33_3    |     -|  23.36|        8|  256.000|         1|        -|     8|        no|     -|   -|           -|           -|    -|
    | o VITIS_LOOP_33_3    |     -|  23.36|        8|  256.000|         1|        -|     8|        no|     -|   -|           -|           -|    -|
    | o VITIS_LOOP_33_3    |     -|  23.36|        8|  256.000|         1|        -|     8|        no|     -|   -|           -|           -|    -|
    | o VITIS_LOOP_33_3    |     -|  23.36|        8|  256.000|         1|        -|     8|        no|     -|   -|           -|           -|    -|
    | o VITIS_LOOP_33_3    |     -|  23.36|        8|  256.000|         1|        -|     8|        no|     -|   -|           -|           -|    -|
    | o VITIS_LOOP_33_3    |     -|  23.36|        8|  256.000|         1|        -|     8|        no|     -|   -|           -|           -|    -|
    | o VITIS_LOOP_33_3    |     -|  23.36|        8|  256.000|         1|        -|     8|        no|     -|   -|           -|           -|    -|
    | o VITIS_LOOP_33_3    |     -|  23.36|        8|  256.000|         1|        -|     8|        no|     -|   -|           -|           -|    -|
    | o VITIS_LOOP_33_3    |     -|  23.36|        8|  256.000|         1|        -|     8|        no|     -|   -|           -|           -|    -|
    | o VITIS_LOOP_33_3    |     -|  23.36|        8|  256.000|         1|        -|     8|        no|     -|   -|           -|           -|    -|
    | o VITIS_LOOP_33_3    |     -|  23.36|        8|  256.000|         1|        -|     8|        no|     -|   -|           -|           -|    -|
    | o VITIS_LOOP_33_3    |     -|  23.36|        8|  256.000|         1|        -|     8|        no|     -|   -|           -|           -|    -|
    | o VITIS_LOOP_33_3    |     -|  23.36|        8|  256.000|         1|        -|     8|        no|     -|   -|           -|           -|    -|
    | o VITIS_LOOP_33_3    |     -|  23.36|        8|  256.000|         1|        -|     8|        no|     -|   -|           -|           -|    -|
    | o VITIS_LOOP_33_3    |     -|  23.36|        8|  256.000|         1|        -|     8|        no|     -|   -|           -|           -|    -|
    | o VITIS_LOOP_33_3    |     -|  23.36|        8|  256.000|         1|        -|     8|        no|     -|   -|           -|           -|    -|
    | o VITIS_LOOP_33_3    |     -|  23.36|        8|  256.000|         1|        -|     8|        no|     -|   -|           -|           -|    -|
    | o VITIS_LOOP_33_3    |     -|  23.36|        8|  256.000|         1|        -|     8|        no|     -|   -|           -|           -|    -|
    | o VITIS_LOOP_33_3    |     -|  23.36|        8|  256.000|         1|        -|     8|        no|     -|   -|           -|           -|    -|
    | o VITIS_LOOP_33_3    |     -|  23.36|        8|  256.000|         1|        -|     8|        no|     -|   -|           -|           -|    -|
    | o VITIS_LOOP_33_3    |     -|  23.36|        8|  256.000|         1|        -|     8|        no|     -|   -|           -|           -|    -|
    | o VITIS_LOOP_33_3    |     -|  23.36|        8|  256.000|         1|        -|     8|        no|     -|   -|           -|           -|    -|
    | o VITIS_LOOP_33_3    |     -|  23.36|        8|  256.000|         1|        -|     8|        no|     -|   -|           -|           -|    -|
    | o VITIS_LOOP_33_3    |     -|  23.36|        8|  256.000|         1|        -|     8|        no|     -|   -|           -|           -|    -|
    | o VITIS_LOOP_33_3    |     -|  23.36|        8|  256.000|         1|        -|     8|        no|     -|   -|           -|           -|    -|
    | o VITIS_LOOP_33_3    |     -|  23.36|        8|  256.000|         1|        -|     8|        no|     -|   -|           -|           -|    -|
    | o VITIS_LOOP_33_3    |     -|  23.36|        8|  256.000|         1|        -|     8|        no|     -|   -|           -|           -|    -|
    | o VITIS_LOOP_33_3    |     -|  23.36|        8|  256.000|         1|        -|     8|        no|     -|   -|           -|           -|    -|
    | o VITIS_LOOP_33_3    |     -|  23.36|        8|  256.000|         1|        -|     8|        no|     -|   -|           -|           -|    -|
    | o VITIS_LOOP_33_3    |     -|  23.36|        8|  256.000|         1|        -|     8|        no|     -|   -|           -|           -|    -|
    | o VITIS_LOOP_33_3    |     -|  23.36|        8|  256.000|         1|        -|     8|        no|     -|   -|           -|           -|    -|
    | o VITIS_LOOP_33_3    |     -|  23.36|        8|  256.000|         1|        -|     8|        no|     -|   -|           -|           -|    -|
    | o VITIS_LOOP_33_3    |     -|  23.36|        8|  256.000|         1|        -|     8|        no|     -|   -|           -|           -|    -|
    | o VITIS_LOOP_33_3    |     -|  23.36|        8|  256.000|         1|        -|     8|        no|     -|   -|           -|           -|    -|
    | o VITIS_LOOP_33_3    |     -|  23.36|        8|  256.000|         1|        -|     8|        no|     -|   -|           -|           -|    -|
    | o VITIS_LOOP_33_3    |     -|  23.36|        8|  256.000|         1|        -|     8|        no|     -|   -|           -|           -|    -|
    | o VITIS_LOOP_33_3    |     -|  23.36|        8|  256.000|         1|        -|     8|        no|     -|   -|           -|           -|    -|
    | o VITIS_LOOP_33_3    |     -|  23.36|        8|  256.000|         1|        -|     8|        no|     -|   -|           -|           -|    -|
    | o VITIS_LOOP_33_3    |     -|  23.36|        8|  256.000|         1|        -|     8|        no|     -|   -|           -|           -|    -|
    | o VITIS_LOOP_33_3    |     -|  23.36|        8|  256.000|         1|        -|     8|        no|     -|   -|           -|           -|    -|
    | o VITIS_LOOP_33_3    |     -|  23.36|        8|  256.000|         1|        -|     8|        no|     -|   -|           -|           -|    -|
    | o VITIS_LOOP_33_3    |     -|  23.36|        8|  256.000|         1|        -|     8|        no|     -|   -|           -|           -|    -|
    | o VITIS_LOOP_33_3    |     -|  23.36|        8|  256.000|         1|        -|     8|        no|     -|   -|           -|           -|    -|
    | o VITIS_LOOP_33_3    |     -|  23.36|        8|  256.000|         1|        -|     8|        no|     -|   -|           -|           -|    -|
    | o VITIS_LOOP_33_3    |     -|  23.36|        8|  256.000|         1|        -|     8|        no|     -|   -|           -|           -|    -|
    | o VITIS_LOOP_33_3    |     -|  23.36|        8|  256.000|         1|        -|     8|        no|     -|   -|           -|           -|    -|
    | o VITIS_LOOP_33_3    |     -|  23.36|        8|  256.000|         1|        -|     8|        no|     -|   -|           -|           -|    -|
    | o VITIS_LOOP_33_3    |     -|  23.36|        8|  256.000|         1|        -|     8|        no|     -|   -|           -|           -|    -|
    | o VITIS_LOOP_33_3    |     -|  23.36|        8|  256.000|         1|        -|     8|        no|     -|   -|           -|           -|    -|
    | o VITIS_LOOP_33_3    |     -|  23.36|        8|  256.000|         1|        -|     8|        no|     -|   -|           -|           -|    -|
    | o VITIS_LOOP_33_3    |     -|  23.36|        8|  256.000|         1|        -|     8|        no|     -|   -|           -|           -|    -|
    | o VITIS_LOOP_33_3    |     -|  23.36|        8|  256.000|         1|        -|     8|        no|     -|   -|           -|           -|    -|
    | o VITIS_LOOP_33_3    |     -|  23.36|        8|  256.000|         1|        -|     8|        no|     -|   -|           -|           -|    -|
    | o VITIS_LOOP_33_3    |     -|  23.36|        8|  256.000|         1|        -|     8|        no|     -|   -|           -|           -|    -|
    | o VITIS_LOOP_33_3    |     -|  23.36|        8|  256.000|         1|        -|     8|        no|     -|   -|           -|           -|    -|
    | o VITIS_LOOP_33_3    |     -|  23.36|        8|  256.000|         1|        -|     8|        no|     -|   -|           -|           -|    -|
    | o VITIS_LOOP_33_3    |     -|  23.36|        8|  256.000|         1|        -|     8|        no|     -|   -|           -|           -|    -|
    | o VITIS_LOOP_33_3    |     -|  23.36|        8|  256.000|         1|        -|     8|        no|     -|   -|           -|           -|    -|
    | o VITIS_LOOP_33_3    |     -|  23.36|        8|  256.000|         1|        -|     8|        no|     -|   -|           -|           -|    -|
    | o VITIS_LOOP_33_3    |     -|  23.36|        8|  256.000|         1|        -|     8|        no|     -|   -|           -|           -|    -|
    | o VITIS_LOOP_33_3    |     -|  23.36|        8|  256.000|         1|        -|     8|        no|     -|   -|           -|           -|    -|
    | o VITIS_LOOP_33_3    |     -|  23.36|        8|  256.000|         1|        -|     8|        no|     -|   -|           -|           -|    -|
    | o VITIS_LOOP_33_3    |     -|  23.36|        8|  256.000|         1|        -|     8|        no|     -|   -|           -|           -|    -|
    | o VITIS_LOOP_33_3    |     -|  23.36|        8|  256.000|         1|        -|     8|        no|     -|   -|           -|           -|    -|
    | o VITIS_LOOP_33_3    |     -|  23.36|        8|  256.000|         1|        -|     8|        no|     -|   -|           -|           -|    -|
    | o VITIS_LOOP_33_3    |     -|  23.36|        8|  256.000|         1|        -|     8|        no|     -|   -|           -|           -|    -|
    | o VITIS_LOOP_33_3    |     -|  23.36|        8|  256.000|         1|        -|     8|        no|     -|   -|           -|           -|    -|
    | o VITIS_LOOP_33_3    |     -|  23.36|        8|  256.000|         1|        -|     8|        no|     -|   -|           -|           -|    -|
    | o VITIS_LOOP_33_3    |     -|  23.36|        8|  256.000|         1|        -|     8|        no|     -|   -|           -|           -|    -|
    | o VITIS_LOOP_33_3    |     -|  23.36|        8|  256.000|         1|        -|     8|        no|     -|   -|           -|           -|    -|
    | o VITIS_LOOP_33_3    |     -|  23.36|        8|  256.000|         1|        -|     8|        no|     -|   -|           -|           -|    -|
    | o VITIS_LOOP_100_1   |     -|  23.36|        -|        -|         -|        -|     -|        no|     -|   -|           -|           -|    -|
    |  o VITIS_LOOP_106_2  |     -|  23.36|        -|        -|         1|        -|     -|        no|     -|   -|           -|           -|    -|
    | o VITIS_LOOP_100_1   |     -|  23.36|        -|        -|         -|        -|     -|        no|     -|   -|           -|           -|    -|
    |  o VITIS_LOOP_106_2  |     -|  23.36|        -|        -|         1|        -|     -|        no|     -|   -|           -|           -|    -|
    | o VITIS_LOOP_100_1   |     -|  23.36|        -|        -|         -|        -|     -|        no|     -|   -|           -|           -|    -|
    |  o VITIS_LOOP_106_2  |     -|  23.36|        -|        -|         1|        -|     -|        no|     -|   -|           -|           -|    -|
    +----------------------+------+-------+---------+---------+----------+---------+------+----------+------+----+------------+------------+-----+


================================================================
== HW Interfaces
================================================================
* AP_FIFO
+-----------------+-----------+------------+
| Interface       | Direction | Data Width |
+-----------------+-----------+------------+
| s_fadc_vxs_hits | out       | 216        |
| s_smo_trig_t_0  | out       | 16         |
| s_smo_trig_t_1  | out       | 16         |
| s_smo_trig_t_2  | out       | 16         |
| s_trigger_t     | out       | 8          |
+-----------------+-----------+------------+

* AP_MEMORY
+-------------------------+-----------+----------+
| Port                    | Direction | Bitwidth |
+-------------------------+-----------+----------+
| mltp_threshold_address0 | out       | 2        |
| mltp_threshold_address1 | out       | 2        |
| mltp_threshold_q0       | in        | 4        |
| mltp_threshold_q1       | in        | 4        |
+-------------------------+-----------+----------+

* Other Ports
+----------------+---------+-----------+----------+
| Port           | Mode    | Direction | Bitwidth |
+----------------+---------+-----------+----------+
| hit_dt         | ap_none | in        | 3        |
| nsmo_threshold | ap_none | in        | 2        |
| smo_dt         | ap_none | in        | 3        |
+----------------+---------+-----------+----------+

* TOP LEVEL CONTROL
+-----------+------------+-----------------------------------+
| Interface | Type       | Ports                             |
+-----------+------------+-----------------------------------+
| ap_clk    | clock      | ap_clk                            |
| ap_rst    | reset      | ap_rst                            |
| ap_ctrl   | ap_ctrl_hs | ap_done ap_idle ap_ready ap_start |
+-----------+------------+-----------------------------------+


================================================================
== SW I/O Information
================================================================
* Top Function Arguments
+-----------------+-----------+-----------------------------+
| Argument        | Direction | Datatype                    |
+-----------------+-----------+-----------------------------+
| hit_dt          | in        | ap_uint<3>                  |
| smo_dt          | in        | ap_uint<3>                  |
| nsmo_threshold  | in        | ap_uint<2>                  |
| mltp_threshold  | in        | ap_uint<4>*                 |
| s_fadc_vxs_hits | in        | stream<fadc_vxs_hits_t, 0>& |
| s_smo_trig_t    | out       | stream<smo_trig_t, 0>&      |
| s_trigger_t     | out       | stream<trigger_t, 0>&       |
+-----------------+-----------+-----------------------------+

* SW-to-HW Mapping
+-----------------+-------------------------+-----------+----------+
| Argument        | HW Interface            | HW Type   | HW Usage |
+-----------------+-------------------------+-----------+----------+
| hit_dt          | hit_dt                  | port      |          |
| smo_dt          | smo_dt                  | port      |          |
| nsmo_threshold  | nsmo_threshold          | port      |          |
| mltp_threshold  | mltp_threshold_address0 | port      | offset   |
| mltp_threshold  | mltp_threshold_ce0      | port      |          |
| mltp_threshold  | mltp_threshold_q0       | port      |          |
| mltp_threshold  | mltp_threshold_address1 | port      | offset   |
| mltp_threshold  | mltp_threshold_ce1      | port      |          |
| mltp_threshold  | mltp_threshold_q1       | port      |          |
| s_fadc_vxs_hits | s_fadc_vxs_hits         | interface |          |
| s_smo_trig_t    | s_smo_trig_t_0          | interface |          |
| s_smo_trig_t    | s_smo_trig_t_1          | interface |          |
| s_smo_trig_t    | s_smo_trig_t_2          | interface |          |
| s_trigger_t     | s_trigger_t             | interface |          |
+-----------------+-------------------------+-----------+----------+


================================================================
== M_AXI Burst Information
================================================================
 Note: All burst requests might be further partitioned into multiple requests during RTL generation based on max_read_burst_length or max_write_burst_length settings.


================================================================
== Bind Op Report
================================================================
+-------------------------------+-----+--------+-----------------+-----+--------+---------+
| Name                          | DSP | Pragma | Variable        | Op  | Impl   | Latency |
+-------------------------------+-----+--------+-----------------+-----+--------+---------+
| + ecal_cosmic_hls             | 0   |        |                 |     |        |         |
|   add_ln33_fu_5123_p2         |     |        | add_ln33        | add | fabric | 0       |
|   ii_432_fu_5151_p2           |     |        | ii_432          | add | fabric | 0       |
|   add_ln33_2_fu_5211_p2       |     |        | add_ln33_2      | add | fabric | 0       |
|   ii_438_fu_5253_p2           |     |        | ii_438          | add | fabric | 0       |
|   add_ln33_4_fu_5299_p2       |     |        | add_ln33_4      | add | fabric | 0       |
|   ii_442_fu_5341_p2           |     |        | ii_442          | add | fabric | 0       |
|   add_ln33_6_fu_5387_p2       |     |        | add_ln33_6      | add | fabric | 0       |
|   ii_444_fu_5429_p2           |     |        | ii_444          | add | fabric | 0       |
|   add_ln33_8_fu_5475_p2       |     |        | add_ln33_8      | add | fabric | 0       |
|   ii_fu_5517_p2               |     |        | ii              | add | fabric | 0       |
|   add_ln33_10_fu_5563_p2      |     |        | add_ln33_10     | add | fabric | 0       |
|   ii_447_fu_5605_p2           |     |        | ii_447          | add | fabric | 0       |
|   add_ln33_12_fu_5651_p2      |     |        | add_ln33_12     | add | fabric | 0       |
|   ii_449_fu_5693_p2           |     |        | ii_449          | add | fabric | 0       |
|   ii_451_fu_5779_p2           |     |        | ii_451          | add | fabric | 0       |
|   add_ln33_15_fu_5825_p2      |     |        | add_ln33_15     | add | fabric | 0       |
|   ii_453_fu_5853_p2           |     |        | ii_453          | add | fabric | 0       |
|   add_ln33_17_fu_5913_p2      |     |        | add_ln33_17     | add | fabric | 0       |
|   ii_455_fu_5955_p2           |     |        | ii_455          | add | fabric | 0       |
|   add_ln33_19_fu_6001_p2      |     |        | add_ln33_19     | add | fabric | 0       |
|   ii_457_fu_6043_p2           |     |        | ii_457          | add | fabric | 0       |
|   add_ln33_21_fu_6089_p2      |     |        | add_ln33_21     | add | fabric | 0       |
|   ii_459_fu_6131_p2           |     |        | ii_459          | add | fabric | 0       |
|   add_ln33_23_fu_6177_p2      |     |        | add_ln33_23     | add | fabric | 0       |
|   ii_461_fu_6219_p2           |     |        | ii_461          | add | fabric | 0       |
|   add_ln33_25_fu_6265_p2      |     |        | add_ln33_25     | add | fabric | 0       |
|   ii_463_fu_6307_p2           |     |        | ii_463          | add | fabric | 0       |
|   add_ln33_27_fu_6353_p2      |     |        | add_ln33_27     | add | fabric | 0       |
|   ii_465_fu_6395_p2           |     |        | ii_465          | add | fabric | 0       |
|   ii_467_fu_6481_p2           |     |        | ii_467          | add | fabric | 0       |
|   add_ln33_30_fu_6527_p2      |     |        | add_ln33_30     | add | fabric | 0       |
|   ii_469_fu_6555_p2           |     |        | ii_469          | add | fabric | 0       |
|   add_ln33_32_fu_6615_p2      |     |        | add_ln33_32     | add | fabric | 0       |
|   ii_471_fu_6657_p2           |     |        | ii_471          | add | fabric | 0       |
|   add_ln33_34_fu_6703_p2      |     |        | add_ln33_34     | add | fabric | 0       |
|   ii_473_fu_6745_p2           |     |        | ii_473          | add | fabric | 0       |
|   add_ln33_36_fu_6791_p2      |     |        | add_ln33_36     | add | fabric | 0       |
|   ii_475_fu_6833_p2           |     |        | ii_475          | add | fabric | 0       |
|   add_ln33_38_fu_6879_p2      |     |        | add_ln33_38     | add | fabric | 0       |
|   ii_477_fu_6921_p2           |     |        | ii_477          | add | fabric | 0       |
|   add_ln33_40_fu_6967_p2      |     |        | add_ln33_40     | add | fabric | 0       |
|   ii_479_fu_7009_p2           |     |        | ii_479          | add | fabric | 0       |
|   add_ln33_42_fu_7055_p2      |     |        | add_ln33_42     | add | fabric | 0       |
|   ii_481_fu_7097_p2           |     |        | ii_481          | add | fabric | 0       |
|   ii_483_fu_7183_p2           |     |        | ii_483          | add | fabric | 0       |
|   add_ln33_45_fu_7229_p2      |     |        | add_ln33_45     | add | fabric | 0       |
|   ii_485_fu_7257_p2           |     |        | ii_485          | add | fabric | 0       |
|   add_ln33_47_fu_7317_p2      |     |        | add_ln33_47     | add | fabric | 0       |
|   ii_487_fu_7359_p2           |     |        | ii_487          | add | fabric | 0       |
|   add_ln33_49_fu_7405_p2      |     |        | add_ln33_49     | add | fabric | 0       |
|   ii_489_fu_7447_p2           |     |        | ii_489          | add | fabric | 0       |
|   add_ln33_51_fu_7493_p2      |     |        | add_ln33_51     | add | fabric | 0       |
|   ii_491_fu_7535_p2           |     |        | ii_491          | add | fabric | 0       |
|   add_ln33_53_fu_7581_p2      |     |        | add_ln33_53     | add | fabric | 0       |
|   ii_493_fu_7623_p2           |     |        | ii_493          | add | fabric | 0       |
|   add_ln33_55_fu_7669_p2      |     |        | add_ln33_55     | add | fabric | 0       |
|   ii_495_fu_7711_p2           |     |        | ii_495          | add | fabric | 0       |
|   add_ln33_57_fu_7757_p2      |     |        | add_ln33_57     | add | fabric | 0       |
|   ii_497_fu_7799_p2           |     |        | ii_497          | add | fabric | 0       |
|   ii_499_fu_7885_p2           |     |        | ii_499          | add | fabric | 0       |
|   add_ln33_60_fu_7927_p2      |     |        | add_ln33_60     | add | fabric | 0       |
|   ii_501_fu_7955_p2           |     |        | ii_501          | add | fabric | 0       |
|   add_ln33_62_fu_8015_p2      |     |        | add_ln33_62     | add | fabric | 0       |
|   ii_503_fu_8057_p2           |     |        | ii_503          | add | fabric | 0       |
|   add_ln33_64_fu_8103_p2      |     |        | add_ln33_64     | add | fabric | 0       |
|   ii_505_fu_8145_p2           |     |        | ii_505          | add | fabric | 0       |
|   add_ln33_66_fu_8191_p2      |     |        | add_ln33_66     | add | fabric | 0       |
|   ii_507_fu_8233_p2           |     |        | ii_507          | add | fabric | 0       |
|   add_ln33_68_fu_8279_p2      |     |        | add_ln33_68     | add | fabric | 0       |
|   ii_509_fu_8321_p2           |     |        | ii_509          | add | fabric | 0       |
|   add_ln33_70_fu_8367_p2      |     |        | add_ln33_70     | add | fabric | 0       |
|   ii_511_fu_8409_p2           |     |        | ii_511          | add | fabric | 0       |
|   add_ln33_72_fu_8455_p2      |     |        | add_ln33_72     | add | fabric | 0       |
|   ii_513_fu_8497_p2           |     |        | ii_513          | add | fabric | 0       |
|   ii_515_fu_8583_p2           |     |        | ii_515          | add | fabric | 0       |
|   add_ln33_75_fu_8629_p2      |     |        | add_ln33_75     | add | fabric | 0       |
|   ii_517_fu_8657_p2           |     |        | ii_517          | add | fabric | 0       |
|   add_ln33_77_fu_8717_p2      |     |        | add_ln33_77     | add | fabric | 0       |
|   ii_519_fu_8759_p2           |     |        | ii_519          | add | fabric | 0       |
|   add_ln33_79_fu_8805_p2      |     |        | add_ln33_79     | add | fabric | 0       |
|   ii_521_fu_8847_p2           |     |        | ii_521          | add | fabric | 0       |
|   add_ln33_81_fu_8893_p2      |     |        | add_ln33_81     | add | fabric | 0       |
|   ii_523_fu_8935_p2           |     |        | ii_523          | add | fabric | 0       |
|   add_ln33_83_fu_8981_p2      |     |        | add_ln33_83     | add | fabric | 0       |
|   ii_525_fu_9023_p2           |     |        | ii_525          | add | fabric | 0       |
|   add_ln33_85_fu_9069_p2      |     |        | add_ln33_85     | add | fabric | 0       |
|   ii_527_fu_9111_p2           |     |        | ii_527          | add | fabric | 0       |
|   add_ln33_87_fu_9157_p2      |     |        | add_ln33_87     | add | fabric | 0       |
|   ii_529_fu_9199_p2           |     |        | ii_529          | add | fabric | 0       |
|   ii_531_fu_9285_p2           |     |        | ii_531          | add | fabric | 0       |
|   add_ln33_90_fu_9331_p2      |     |        | add_ln33_90     | add | fabric | 0       |
|   ii_533_fu_9359_p2           |     |        | ii_533          | add | fabric | 0       |
|   add_ln33_92_fu_9419_p2      |     |        | add_ln33_92     | add | fabric | 0       |
|   ii_535_fu_9461_p2           |     |        | ii_535          | add | fabric | 0       |
|   add_ln33_94_fu_9507_p2      |     |        | add_ln33_94     | add | fabric | 0       |
|   ii_537_fu_9549_p2           |     |        | ii_537          | add | fabric | 0       |
|   add_ln33_96_fu_9595_p2      |     |        | add_ln33_96     | add | fabric | 0       |
|   ii_539_fu_9637_p2           |     |        | ii_539          | add | fabric | 0       |
|   add_ln33_98_fu_9683_p2      |     |        | add_ln33_98     | add | fabric | 0       |
|   ii_541_fu_9725_p2           |     |        | ii_541          | add | fabric | 0       |
|   add_ln33_100_fu_9771_p2     |     |        | add_ln33_100    | add | fabric | 0       |
|   ii_543_fu_9813_p2           |     |        | ii_543          | add | fabric | 0       |
|   add_ln33_102_fu_9859_p2     |     |        | add_ln33_102    | add | fabric | 0       |
|   ii_545_fu_9901_p2           |     |        | ii_545          | add | fabric | 0       |
|   ii_547_fu_9987_p2           |     |        | ii_547          | add | fabric | 0       |
|   add_ln33_105_fu_10033_p2    |     |        | add_ln33_105    | add | fabric | 0       |
|   ii_549_fu_10061_p2          |     |        | ii_549          | add | fabric | 0       |
|   add_ln33_107_fu_10121_p2    |     |        | add_ln33_107    | add | fabric | 0       |
|   ii_551_fu_10163_p2          |     |        | ii_551          | add | fabric | 0       |
|   add_ln33_109_fu_10209_p2    |     |        | add_ln33_109    | add | fabric | 0       |
|   ii_553_fu_10251_p2          |     |        | ii_553          | add | fabric | 0       |
|   add_ln33_111_fu_10297_p2    |     |        | add_ln33_111    | add | fabric | 0       |
|   ii_555_fu_10339_p2          |     |        | ii_555          | add | fabric | 0       |
|   add_ln33_113_fu_10385_p2    |     |        | add_ln33_113    | add | fabric | 0       |
|   ii_557_fu_10427_p2          |     |        | ii_557          | add | fabric | 0       |
|   add_ln33_115_fu_10473_p2    |     |        | add_ln33_115    | add | fabric | 0       |
|   ii_559_fu_10515_p2          |     |        | ii_559          | add | fabric | 0       |
|   add_ln33_117_fu_10561_p2    |     |        | add_ln33_117    | add | fabric | 0       |
|   ii_561_fu_10603_p2          |     |        | ii_561          | add | fabric | 0       |
|   ii_563_fu_10689_p2          |     |        | ii_563          | add | fabric | 0       |
|   add_ln33_120_fu_10735_p2    |     |        | add_ln33_120    | add | fabric | 0       |
|   ii_565_fu_10763_p2          |     |        | ii_565          | add | fabric | 0       |
|   add_ln33_122_fu_10823_p2    |     |        | add_ln33_122    | add | fabric | 0       |
|   ii_567_fu_10865_p2          |     |        | ii_567          | add | fabric | 0       |
|   add_ln33_124_fu_10911_p2    |     |        | add_ln33_124    | add | fabric | 0       |
|   ii_569_fu_10953_p2          |     |        | ii_569          | add | fabric | 0       |
|   add_ln33_126_fu_10999_p2    |     |        | add_ln33_126    | add | fabric | 0       |
|   ii_571_fu_11041_p2          |     |        | ii_571          | add | fabric | 0       |
|   add_ln33_128_fu_11087_p2    |     |        | add_ln33_128    | add | fabric | 0       |
|   ii_573_fu_11129_p2          |     |        | ii_573          | add | fabric | 0       |
|   add_ln33_130_fu_11175_p2    |     |        | add_ln33_130    | add | fabric | 0       |
|   ii_575_fu_11217_p2          |     |        | ii_575          | add | fabric | 0       |
|   add_ln33_132_fu_11263_p2    |     |        | add_ln33_132    | add | fabric | 0       |
|   ii_577_fu_11305_p2          |     |        | ii_577          | add | fabric | 0       |
|   ii_579_fu_11391_p2          |     |        | ii_579          | add | fabric | 0       |
|   add_ln33_135_fu_11433_p2    |     |        | add_ln33_135    | add | fabric | 0       |
|   ii_581_fu_11461_p2          |     |        | ii_581          | add | fabric | 0       |
|   add_ln33_137_fu_11521_p2    |     |        | add_ln33_137    | add | fabric | 0       |
|   ii_583_fu_11563_p2          |     |        | ii_583          | add | fabric | 0       |
|   add_ln33_139_fu_11609_p2    |     |        | add_ln33_139    | add | fabric | 0       |
|   ii_585_fu_11651_p2          |     |        | ii_585          | add | fabric | 0       |
|   add_ln33_141_fu_11697_p2    |     |        | add_ln33_141    | add | fabric | 0       |
|   ii_587_fu_11739_p2          |     |        | ii_587          | add | fabric | 0       |
|   add_ln33_143_fu_11785_p2    |     |        | add_ln33_143    | add | fabric | 0       |
|   ii_589_fu_11827_p2          |     |        | ii_589          | add | fabric | 0       |
|   add_ln33_145_fu_11873_p2    |     |        | add_ln33_145    | add | fabric | 0       |
|   ii_591_fu_11915_p2          |     |        | ii_591          | add | fabric | 0       |
|   add_ln33_147_fu_11961_p2    |     |        | add_ln33_147    | add | fabric | 0       |
|   ii_593_fu_12003_p2          |     |        | ii_593          | add | fabric | 0       |
|   ii_595_fu_12089_p2          |     |        | ii_595          | add | fabric | 0       |
|   add_ln33_150_fu_12135_p2    |     |        | add_ln33_150    | add | fabric | 0       |
|   ii_597_fu_12163_p2          |     |        | ii_597          | add | fabric | 0       |
|   add_ln33_152_fu_12223_p2    |     |        | add_ln33_152    | add | fabric | 0       |
|   ii_599_fu_12265_p2          |     |        | ii_599          | add | fabric | 0       |
|   add_ln33_154_fu_12311_p2    |     |        | add_ln33_154    | add | fabric | 0       |
|   ii_601_fu_12353_p2          |     |        | ii_601          | add | fabric | 0       |
|   add_ln33_156_fu_12399_p2    |     |        | add_ln33_156    | add | fabric | 0       |
|   ii_603_fu_12441_p2          |     |        | ii_603          | add | fabric | 0       |
|   add_ln33_158_fu_12487_p2    |     |        | add_ln33_158    | add | fabric | 0       |
|   ii_605_fu_12529_p2          |     |        | ii_605          | add | fabric | 0       |
|   add_ln33_160_fu_12575_p2    |     |        | add_ln33_160    | add | fabric | 0       |
|   ii_607_fu_12617_p2          |     |        | ii_607          | add | fabric | 0       |
|   add_ln33_162_fu_12663_p2    |     |        | add_ln33_162    | add | fabric | 0       |
|   ii_609_fu_12705_p2          |     |        | ii_609          | add | fabric | 0       |
|   ii_611_fu_12791_p2          |     |        | ii_611          | add | fabric | 0       |
|   add_ln33_165_fu_12837_p2    |     |        | add_ln33_165    | add | fabric | 0       |
|   ii_613_fu_12865_p2          |     |        | ii_613          | add | fabric | 0       |
|   add_ln33_167_fu_12925_p2    |     |        | add_ln33_167    | add | fabric | 0       |
|   ii_615_fu_12967_p2          |     |        | ii_615          | add | fabric | 0       |
|   add_ln33_169_fu_13013_p2    |     |        | add_ln33_169    | add | fabric | 0       |
|   ii_617_fu_13055_p2          |     |        | ii_617          | add | fabric | 0       |
|   add_ln33_171_fu_13101_p2    |     |        | add_ln33_171    | add | fabric | 0       |
|   ii_619_fu_13143_p2          |     |        | ii_619          | add | fabric | 0       |
|   add_ln33_173_fu_13189_p2    |     |        | add_ln33_173    | add | fabric | 0       |
|   ii_621_fu_13231_p2          |     |        | ii_621          | add | fabric | 0       |
|   add_ln33_175_fu_13277_p2    |     |        | add_ln33_175    | add | fabric | 0       |
|   ii_623_fu_13319_p2          |     |        | ii_623          | add | fabric | 0       |
|   add_ln33_177_fu_13365_p2    |     |        | add_ln33_177    | add | fabric | 0       |
|   ii_625_fu_13407_p2          |     |        | ii_625          | add | fabric | 0       |
|   ii_627_fu_13493_p2          |     |        | ii_627          | add | fabric | 0       |
|   add_ln33_180_fu_13539_p2    |     |        | add_ln33_180    | add | fabric | 0       |
|   ii_629_fu_13567_p2          |     |        | ii_629          | add | fabric | 0       |
|   add_ln33_182_fu_13627_p2    |     |        | add_ln33_182    | add | fabric | 0       |
|   ii_631_fu_13669_p2          |     |        | ii_631          | add | fabric | 0       |
|   add_ln33_184_fu_13715_p2    |     |        | add_ln33_184    | add | fabric | 0       |
|   ii_633_fu_13757_p2          |     |        | ii_633          | add | fabric | 0       |
|   add_ln33_186_fu_13803_p2    |     |        | add_ln33_186    | add | fabric | 0       |
|   ii_635_fu_13845_p2          |     |        | ii_635          | add | fabric | 0       |
|   add_ln33_188_fu_13891_p2    |     |        | add_ln33_188    | add | fabric | 0       |
|   ii_637_fu_13933_p2          |     |        | ii_637          | add | fabric | 0       |
|   add_ln33_190_fu_13979_p2    |     |        | add_ln33_190    | add | fabric | 0       |
|   ii_639_fu_14021_p2          |     |        | ii_639          | add | fabric | 0       |
|   add_ln33_192_fu_14067_p2    |     |        | add_ln33_192    | add | fabric | 0       |
|   ii_641_fu_14109_p2          |     |        | ii_641          | add | fabric | 0       |
|   ii_643_fu_14195_p2          |     |        | ii_643          | add | fabric | 0       |
|   add_ln33_195_fu_14237_p2    |     |        | add_ln33_195    | add | fabric | 0       |
|   ii_645_fu_14265_p2          |     |        | ii_645          | add | fabric | 0       |
|   add_ln33_197_fu_14325_p2    |     |        | add_ln33_197    | add | fabric | 0       |
|   ii_647_fu_14367_p2          |     |        | ii_647          | add | fabric | 0       |
|   add_ln33_199_fu_14413_p2    |     |        | add_ln33_199    | add | fabric | 0       |
|   ii_649_fu_14455_p2          |     |        | ii_649          | add | fabric | 0       |
|   add_ln33_201_fu_14501_p2    |     |        | add_ln33_201    | add | fabric | 0       |
|   ii_651_fu_14543_p2          |     |        | ii_651          | add | fabric | 0       |
|   add_ln33_203_fu_14589_p2    |     |        | add_ln33_203    | add | fabric | 0       |
|   ii_653_fu_14631_p2          |     |        | ii_653          | add | fabric | 0       |
|   add_ln33_205_fu_14677_p2    |     |        | add_ln33_205    | add | fabric | 0       |
|   ii_655_fu_14719_p2          |     |        | ii_655          | add | fabric | 0       |
|   add_ln33_207_fu_14765_p2    |     |        | add_ln33_207    | add | fabric | 0       |
|   ii_657_fu_14807_p2          |     |        | ii_657          | add | fabric | 0       |
|   ii_659_fu_14893_p2          |     |        | ii_659          | add | fabric | 0       |
|   add_ln33_210_fu_14939_p2    |     |        | add_ln33_210    | add | fabric | 0       |
|   ii_661_fu_14967_p2          |     |        | ii_661          | add | fabric | 0       |
|   add_ln33_212_fu_15027_p2    |     |        | add_ln33_212    | add | fabric | 0       |
|   ii_663_fu_15069_p2          |     |        | ii_663          | add | fabric | 0       |
|   add_ln33_214_fu_15115_p2    |     |        | add_ln33_214    | add | fabric | 0       |
|   ii_665_fu_15157_p2          |     |        | ii_665          | add | fabric | 0       |
|   add_ln33_216_fu_15203_p2    |     |        | add_ln33_216    | add | fabric | 0       |
|   ii_667_fu_15245_p2          |     |        | ii_667          | add | fabric | 0       |
|   add_ln33_218_fu_15291_p2    |     |        | add_ln33_218    | add | fabric | 0       |
|   ii_669_fu_15333_p2          |     |        | ii_669          | add | fabric | 0       |
|   add_ln33_220_fu_15379_p2    |     |        | add_ln33_220    | add | fabric | 0       |
|   ii_671_fu_15421_p2          |     |        | ii_671          | add | fabric | 0       |
|   add_ln33_222_fu_15467_p2    |     |        | add_ln33_222    | add | fabric | 0       |
|   ii_673_fu_15509_p2          |     |        | ii_673          | add | fabric | 0       |
|   ii_675_fu_15595_p2          |     |        | ii_675          | add | fabric | 0       |
|   add_ln33_225_fu_15641_p2    |     |        | add_ln33_225    | add | fabric | 0       |
|   ii_677_fu_15669_p2          |     |        | ii_677          | add | fabric | 0       |
|   add_ln33_227_fu_15729_p2    |     |        | add_ln33_227    | add | fabric | 0       |
|   ii_679_fu_15771_p2          |     |        | ii_679          | add | fabric | 0       |
|   add_ln33_229_fu_15817_p2    |     |        | add_ln33_229    | add | fabric | 0       |
|   ii_681_fu_15859_p2          |     |        | ii_681          | add | fabric | 0       |
|   add_ln33_231_fu_15905_p2    |     |        | add_ln33_231    | add | fabric | 0       |
|   ii_683_fu_15947_p2          |     |        | ii_683          | add | fabric | 0       |
|   add_ln33_233_fu_15993_p2    |     |        | add_ln33_233    | add | fabric | 0       |
|   ii_685_fu_16035_p2          |     |        | ii_685          | add | fabric | 0       |
|   add_ln33_235_fu_16081_p2    |     |        | add_ln33_235    | add | fabric | 0       |
|   ii_687_fu_16123_p2          |     |        | ii_687          | add | fabric | 0       |
|   add_ln33_237_fu_16169_p2    |     |        | add_ln33_237    | add | fabric | 0       |
|   ii_689_fu_16211_p2          |     |        | ii_689          | add | fabric | 0       |
|   ii_691_fu_16297_p2          |     |        | ii_691          | add | fabric | 0       |
|   add_ln33_240_fu_16343_p2    |     |        | add_ln33_240    | add | fabric | 0       |
|   ii_693_fu_16371_p2          |     |        | ii_693          | add | fabric | 0       |
|   add_ln33_242_fu_16431_p2    |     |        | add_ln33_242    | add | fabric | 0       |
|   ii_695_fu_16473_p2          |     |        | ii_695          | add | fabric | 0       |
|   add_ln33_244_fu_16519_p2    |     |        | add_ln33_244    | add | fabric | 0       |
|   ii_697_fu_16561_p2          |     |        | ii_697          | add | fabric | 0       |
|   add_ln33_246_fu_16607_p2    |     |        | add_ln33_246    | add | fabric | 0       |
|   ii_699_fu_16649_p2          |     |        | ii_699          | add | fabric | 0       |
|   add_ln33_248_fu_16695_p2    |     |        | add_ln33_248    | add | fabric | 0       |
|   ii_701_fu_16737_p2          |     |        | ii_701          | add | fabric | 0       |
|   add_ln33_250_fu_16783_p2    |     |        | add_ln33_250    | add | fabric | 0       |
|   ii_703_fu_16825_p2          |     |        | ii_703          | add | fabric | 0       |
|   add_ln33_252_fu_16871_p2    |     |        | add_ln33_252    | add | fabric | 0       |
|   ii_705_fu_16913_p2          |     |        | ii_705          | add | fabric | 0       |
|   ii_707_fu_16999_p2          |     |        | ii_707          | add | fabric | 0       |
|   add_ln33_255_fu_17045_p2    |     |        | add_ln33_255    | add | fabric | 0       |
|   ii_709_fu_17073_p2          |     |        | ii_709          | add | fabric | 0       |
|   add_ln33_257_fu_17133_p2    |     |        | add_ln33_257    | add | fabric | 0       |
|   ii_711_fu_17175_p2          |     |        | ii_711          | add | fabric | 0       |
|   add_ln33_259_fu_17221_p2    |     |        | add_ln33_259    | add | fabric | 0       |
|   ii_713_fu_17263_p2          |     |        | ii_713          | add | fabric | 0       |
|   add_ln33_261_fu_17309_p2    |     |        | add_ln33_261    | add | fabric | 0       |
|   ii_715_fu_17351_p2          |     |        | ii_715          | add | fabric | 0       |
|   add_ln33_263_fu_17397_p2    |     |        | add_ln33_263    | add | fabric | 0       |
|   ii_717_fu_17439_p2          |     |        | ii_717          | add | fabric | 0       |
|   add_ln33_265_fu_17485_p2    |     |        | add_ln33_265    | add | fabric | 0       |
|   ii_719_fu_17527_p2          |     |        | ii_719          | add | fabric | 0       |
|   add_ln33_267_fu_17573_p2    |     |        | add_ln33_267    | add | fabric | 0       |
|   ii_721_fu_17615_p2          |     |        | ii_721          | add | fabric | 0       |
|   ii_723_fu_17701_p2          |     |        | ii_723          | add | fabric | 0       |
|   add_ln33_270_fu_17743_p2    |     |        | add_ln33_270    | add | fabric | 0       |
|   ii_725_fu_17771_p2          |     |        | ii_725          | add | fabric | 0       |
|   add_ln33_272_fu_17831_p2    |     |        | add_ln33_272    | add | fabric | 0       |
|   ii_727_fu_17873_p2          |     |        | ii_727          | add | fabric | 0       |
|   add_ln33_274_fu_17919_p2    |     |        | add_ln33_274    | add | fabric | 0       |
|   ii_729_fu_17961_p2          |     |        | ii_729          | add | fabric | 0       |
|   add_ln33_276_fu_18007_p2    |     |        | add_ln33_276    | add | fabric | 0       |
|   ii_731_fu_18049_p2          |     |        | ii_731          | add | fabric | 0       |
|   add_ln33_278_fu_18095_p2    |     |        | add_ln33_278    | add | fabric | 0       |
|   ii_733_fu_18137_p2          |     |        | ii_733          | add | fabric | 0       |
|   add_ln33_280_fu_18183_p2    |     |        | add_ln33_280    | add | fabric | 0       |
|   ii_735_fu_18225_p2          |     |        | ii_735          | add | fabric | 0       |
|   add_ln33_282_fu_18271_p2    |     |        | add_ln33_282    | add | fabric | 0       |
|   ii_737_fu_18313_p2          |     |        | ii_737          | add | fabric | 0       |
|   ii_739_fu_18399_p2          |     |        | ii_739          | add | fabric | 0       |
|   add_ln33_285_fu_18445_p2    |     |        | add_ln33_285    | add | fabric | 0       |
|   ii_741_fu_18473_p2          |     |        | ii_741          | add | fabric | 0       |
|   add_ln33_287_fu_18533_p2    |     |        | add_ln33_287    | add | fabric | 0       |
|   ii_743_fu_18575_p2          |     |        | ii_743          | add | fabric | 0       |
|   add_ln33_289_fu_18621_p2    |     |        | add_ln33_289    | add | fabric | 0       |
|   ii_745_fu_18663_p2          |     |        | ii_745          | add | fabric | 0       |
|   add_ln33_291_fu_18709_p2    |     |        | add_ln33_291    | add | fabric | 0       |
|   ii_747_fu_18751_p2          |     |        | ii_747          | add | fabric | 0       |
|   add_ln33_293_fu_18797_p2    |     |        | add_ln33_293    | add | fabric | 0       |
|   ii_749_fu_18839_p2          |     |        | ii_749          | add | fabric | 0       |
|   add_ln33_295_fu_18885_p2    |     |        | add_ln33_295    | add | fabric | 0       |
|   ii_751_fu_18927_p2          |     |        | ii_751          | add | fabric | 0       |
|   add_ln33_297_fu_18973_p2    |     |        | add_ln33_297    | add | fabric | 0       |
|   ii_753_fu_19015_p2          |     |        | ii_753          | add | fabric | 0       |
|   ii_755_fu_19101_p2          |     |        | ii_755          | add | fabric | 0       |
|   add_ln33_300_fu_19147_p2    |     |        | add_ln33_300    | add | fabric | 0       |
|   ii_757_fu_19175_p2          |     |        | ii_757          | add | fabric | 0       |
|   add_ln33_302_fu_19235_p2    |     |        | add_ln33_302    | add | fabric | 0       |
|   ii_759_fu_19277_p2          |     |        | ii_759          | add | fabric | 0       |
|   add_ln33_304_fu_19323_p2    |     |        | add_ln33_304    | add | fabric | 0       |
|   ii_761_fu_19365_p2          |     |        | ii_761          | add | fabric | 0       |
|   add_ln33_306_fu_19411_p2    |     |        | add_ln33_306    | add | fabric | 0       |
|   ii_763_fu_19453_p2          |     |        | ii_763          | add | fabric | 0       |
|   add_ln33_308_fu_19499_p2    |     |        | add_ln33_308    | add | fabric | 0       |
|   ii_765_fu_19541_p2          |     |        | ii_765          | add | fabric | 0       |
|   add_ln33_310_fu_19587_p2    |     |        | add_ln33_310    | add | fabric | 0       |
|   ii_767_fu_19629_p2          |     |        | ii_767          | add | fabric | 0       |
|   add_ln33_312_fu_19675_p2    |     |        | add_ln33_312    | add | fabric | 0       |
|   ii_769_fu_19717_p2          |     |        | ii_769          | add | fabric | 0       |
|   ii_771_fu_19803_p2          |     |        | ii_771          | add | fabric | 0       |
|   add_ln33_315_fu_19849_p2    |     |        | add_ln33_315    | add | fabric | 0       |
|   ii_773_fu_19877_p2          |     |        | ii_773          | add | fabric | 0       |
|   add_ln33_317_fu_19937_p2    |     |        | add_ln33_317    | add | fabric | 0       |
|   ii_775_fu_19979_p2          |     |        | ii_775          | add | fabric | 0       |
|   add_ln33_319_fu_20025_p2    |     |        | add_ln33_319    | add | fabric | 0       |
|   ii_777_fu_20067_p2          |     |        | ii_777          | add | fabric | 0       |
|   add_ln33_321_fu_20113_p2    |     |        | add_ln33_321    | add | fabric | 0       |
|   ii_779_fu_20155_p2          |     |        | ii_779          | add | fabric | 0       |
|   add_ln33_323_fu_20201_p2    |     |        | add_ln33_323    | add | fabric | 0       |
|   ii_781_fu_20243_p2          |     |        | ii_781          | add | fabric | 0       |
|   add_ln33_325_fu_20289_p2    |     |        | add_ln33_325    | add | fabric | 0       |
|   ii_783_fu_20331_p2          |     |        | ii_783          | add | fabric | 0       |
|   add_ln33_327_fu_20377_p2    |     |        | add_ln33_327    | add | fabric | 0       |
|   ii_785_fu_20419_p2          |     |        | ii_785          | add | fabric | 0       |
|   ii_787_fu_20505_p2          |     |        | ii_787          | add | fabric | 0       |
|   add_ln33_330_fu_20547_p2    |     |        | add_ln33_330    | add | fabric | 0       |
|   ii_789_fu_20575_p2          |     |        | ii_789          | add | fabric | 0       |
|   add_ln33_332_fu_20635_p2    |     |        | add_ln33_332    | add | fabric | 0       |
|   ii_791_fu_20677_p2          |     |        | ii_791          | add | fabric | 0       |
|   add_ln33_334_fu_20723_p2    |     |        | add_ln33_334    | add | fabric | 0       |
|   ii_793_fu_20765_p2          |     |        | ii_793          | add | fabric | 0       |
|   add_ln33_336_fu_20811_p2    |     |        | add_ln33_336    | add | fabric | 0       |
|   ii_795_fu_20853_p2          |     |        | ii_795          | add | fabric | 0       |
|   add_ln33_338_fu_20899_p2    |     |        | add_ln33_338    | add | fabric | 0       |
|   ii_797_fu_20941_p2          |     |        | ii_797          | add | fabric | 0       |
|   add_ln33_340_fu_20987_p2    |     |        | add_ln33_340    | add | fabric | 0       |
|   ii_799_fu_21029_p2          |     |        | ii_799          | add | fabric | 0       |
|   add_ln33_342_fu_21075_p2    |     |        | add_ln33_342    | add | fabric | 0       |
|   ii_801_fu_21117_p2          |     |        | ii_801          | add | fabric | 0       |
|   ii_803_fu_21203_p2          |     |        | ii_803          | add | fabric | 0       |
|   add_ln33_345_fu_21249_p2    |     |        | add_ln33_345    | add | fabric | 0       |
|   ii_805_fu_21277_p2          |     |        | ii_805          | add | fabric | 0       |
|   add_ln33_347_fu_21337_p2    |     |        | add_ln33_347    | add | fabric | 0       |
|   ii_807_fu_21379_p2          |     |        | ii_807          | add | fabric | 0       |
|   add_ln33_349_fu_21425_p2    |     |        | add_ln33_349    | add | fabric | 0       |
|   ii_809_fu_21467_p2          |     |        | ii_809          | add | fabric | 0       |
|   add_ln33_351_fu_21513_p2    |     |        | add_ln33_351    | add | fabric | 0       |
|   ii_811_fu_21555_p2          |     |        | ii_811          | add | fabric | 0       |
|   add_ln33_353_fu_21601_p2    |     |        | add_ln33_353    | add | fabric | 0       |
|   ii_813_fu_21643_p2          |     |        | ii_813          | add | fabric | 0       |
|   add_ln33_355_fu_21689_p2    |     |        | add_ln33_355    | add | fabric | 0       |
|   ii_815_fu_21731_p2          |     |        | ii_815          | add | fabric | 0       |
|   add_ln33_357_fu_21777_p2    |     |        | add_ln33_357    | add | fabric | 0       |
|   ii_817_fu_21819_p2          |     |        | ii_817          | add | fabric | 0       |
|   ii_819_fu_21905_p2          |     |        | ii_819          | add | fabric | 0       |
|   add_ln33_360_fu_21951_p2    |     |        | add_ln33_360    | add | fabric | 0       |
|   ii_821_fu_21979_p2          |     |        | ii_821          | add | fabric | 0       |
|   add_ln33_362_fu_22039_p2    |     |        | add_ln33_362    | add | fabric | 0       |
|   ii_823_fu_22081_p2          |     |        | ii_823          | add | fabric | 0       |
|   add_ln33_364_fu_22127_p2    |     |        | add_ln33_364    | add | fabric | 0       |
|   ii_825_fu_22169_p2          |     |        | ii_825          | add | fabric | 0       |
|   add_ln33_366_fu_22215_p2    |     |        | add_ln33_366    | add | fabric | 0       |
|   ii_827_fu_22257_p2          |     |        | ii_827          | add | fabric | 0       |
|   add_ln33_368_fu_22303_p2    |     |        | add_ln33_368    | add | fabric | 0       |
|   ii_829_fu_22345_p2          |     |        | ii_829          | add | fabric | 0       |
|   add_ln33_370_fu_22391_p2    |     |        | add_ln33_370    | add | fabric | 0       |
|   ii_831_fu_22433_p2          |     |        | ii_831          | add | fabric | 0       |
|   add_ln33_372_fu_22479_p2    |     |        | add_ln33_372    | add | fabric | 0       |
|   ii_833_fu_22521_p2          |     |        | ii_833          | add | fabric | 0       |
|   ii_835_fu_22607_p2          |     |        | ii_835          | add | fabric | 0       |
|   add_ln33_375_fu_22653_p2    |     |        | add_ln33_375    | add | fabric | 0       |
|   ii_837_fu_22681_p2          |     |        | ii_837          | add | fabric | 0       |
|   add_ln33_377_fu_22741_p2    |     |        | add_ln33_377    | add | fabric | 0       |
|   ii_839_fu_22783_p2          |     |        | ii_839          | add | fabric | 0       |
|   add_ln33_379_fu_22829_p2    |     |        | add_ln33_379    | add | fabric | 0       |
|   ii_841_fu_22871_p2          |     |        | ii_841          | add | fabric | 0       |
|   add_ln33_381_fu_22917_p2    |     |        | add_ln33_381    | add | fabric | 0       |
|   ii_843_fu_22959_p2          |     |        | ii_843          | add | fabric | 0       |
|   add_ln33_383_fu_23005_p2    |     |        | add_ln33_383    | add | fabric | 0       |
|   ii_845_fu_23047_p2          |     |        | ii_845          | add | fabric | 0       |
|   add_ln33_385_fu_23093_p2    |     |        | add_ln33_385    | add | fabric | 0       |
|   ii_847_fu_23135_p2          |     |        | ii_847          | add | fabric | 0       |
|   add_ln33_387_fu_23181_p2    |     |        | add_ln33_387    | add | fabric | 0       |
|   ii_849_fu_23223_p2          |     |        | ii_849          | add | fabric | 0       |
|   ii_851_fu_23309_p2          |     |        | ii_851          | add | fabric | 0       |
|   add_ln33_390_fu_23355_p2    |     |        | add_ln33_390    | add | fabric | 0       |
|   ii_853_fu_23383_p2          |     |        | ii_853          | add | fabric | 0       |
|   add_ln33_392_fu_23443_p2    |     |        | add_ln33_392    | add | fabric | 0       |
|   ii_855_fu_23485_p2          |     |        | ii_855          | add | fabric | 0       |
|   add_ln33_394_fu_23531_p2    |     |        | add_ln33_394    | add | fabric | 0       |
|   ii_857_fu_23573_p2          |     |        | ii_857          | add | fabric | 0       |
|   add_ln33_396_fu_23619_p2    |     |        | add_ln33_396    | add | fabric | 0       |
|   ii_859_fu_23661_p2          |     |        | ii_859          | add | fabric | 0       |
|   add_ln33_398_fu_23707_p2    |     |        | add_ln33_398    | add | fabric | 0       |
|   ii_861_fu_23749_p2          |     |        | ii_861          | add | fabric | 0       |
|   add_ln33_400_fu_23795_p2    |     |        | add_ln33_400    | add | fabric | 0       |
|   ii_863_fu_23837_p2          |     |        | ii_863          | add | fabric | 0       |
|   add_ln33_402_fu_23883_p2    |     |        | add_ln33_402    | add | fabric | 0       |
|   ii_865_fu_23925_p2          |     |        | ii_865          | add | fabric | 0       |
|   ii_867_fu_24010_p2          |     |        | ii_867          | add | fabric | 0       |
|   add_ln88_fu_24063_p2        |     |        | add_ln88        | add | fabric | 0       |
|   add_ln88_1_fu_24073_p2      |     |        | add_ln88_1      | add | fabric | 0       |
|   add_ln88_2_fu_24083_p2      |     |        | add_ln88_2      | add | fabric | 0       |
|   add_ln88_3_fu_24093_p2      |     |        | add_ln88_3      | add | fabric | 0       |
|   add_ln88_6_fu_24119_p2      |     |        | add_ln88_6      | add | fabric | 0       |
|   hit_cnt_1_fu_24129_p2       |     |        | hit_cnt_1       | add | fabric | 0       |
|   add_ln88_8_fu_24409_p2      |     |        | add_ln88_8      | add | fabric | 0       |
|   add_ln88_9_fu_24419_p2      |     |        | add_ln88_9      | add | fabric | 0       |
|   add_ln88_10_fu_24429_p2     |     |        | add_ln88_10     | add | fabric | 0       |
|   add_ln88_11_fu_24439_p2     |     |        | add_ln88_11     | add | fabric | 0       |
|   add_ln88_14_fu_24465_p2     |     |        | add_ln88_14     | add | fabric | 0       |
|   hit_cnt_6_fu_24475_p2       |     |        | hit_cnt_6       | add | fabric | 0       |
|   add_ln88_16_fu_24784_p2     |     |        | add_ln88_16     | add | fabric | 0       |
|   add_ln88_17_fu_24794_p2     |     |        | add_ln88_17     | add | fabric | 0       |
|   add_ln88_18_fu_24804_p2     |     |        | add_ln88_18     | add | fabric | 0       |
|   add_ln88_19_fu_24814_p2     |     |        | add_ln88_19     | add | fabric | 0       |
|   add_ln88_22_fu_24840_p2     |     |        | add_ln88_22     | add | fabric | 0       |
|   hit_cnt_9_fu_24850_p2       |     |        | hit_cnt_9       | add | fabric | 0       |
|   add_ln88_24_fu_25159_p2     |     |        | add_ln88_24     | add | fabric | 0       |
|   add_ln88_25_fu_25169_p2     |     |        | add_ln88_25     | add | fabric | 0       |
|   add_ln88_26_fu_25179_p2     |     |        | add_ln88_26     | add | fabric | 0       |
|   add_ln88_27_fu_25189_p2     |     |        | add_ln88_27     | add | fabric | 0       |
|   add_ln88_30_fu_25215_p2     |     |        | add_ln88_30     | add | fabric | 0       |
|   hit_cnt_12_fu_25225_p2      |     |        | hit_cnt_12      | add | fabric | 0       |
|   add_ln88_32_fu_25534_p2     |     |        | add_ln88_32     | add | fabric | 0       |
|   add_ln88_33_fu_25544_p2     |     |        | add_ln88_33     | add | fabric | 0       |
|   add_ln88_34_fu_25554_p2     |     |        | add_ln88_34     | add | fabric | 0       |
|   add_ln88_35_fu_25564_p2     |     |        | add_ln88_35     | add | fabric | 0       |
|   add_ln88_38_fu_25590_p2     |     |        | add_ln88_38     | add | fabric | 0       |
|   hit_cnt_15_fu_25600_p2      |     |        | hit_cnt_15      | add | fabric | 0       |
|   add_ln88_40_fu_25909_p2     |     |        | add_ln88_40     | add | fabric | 0       |
|   add_ln88_41_fu_25919_p2     |     |        | add_ln88_41     | add | fabric | 0       |
|   add_ln88_42_fu_25929_p2     |     |        | add_ln88_42     | add | fabric | 0       |
|   add_ln88_43_fu_25939_p2     |     |        | add_ln88_43     | add | fabric | 0       |
|   add_ln88_46_fu_25965_p2     |     |        | add_ln88_46     | add | fabric | 0       |
|   hit_cnt_18_fu_25975_p2      |     |        | hit_cnt_18      | add | fabric | 0       |
|   add_ln88_48_fu_26284_p2     |     |        | add_ln88_48     | add | fabric | 0       |
|   add_ln88_49_fu_26294_p2     |     |        | add_ln88_49     | add | fabric | 0       |
|   add_ln88_50_fu_26304_p2     |     |        | add_ln88_50     | add | fabric | 0       |
|   add_ln88_51_fu_26314_p2     |     |        | add_ln88_51     | add | fabric | 0       |
|   add_ln88_54_fu_26340_p2     |     |        | add_ln88_54     | add | fabric | 0       |
|   hit_cnt_21_fu_26350_p2      |     |        | hit_cnt_21      | add | fabric | 0       |
|   add_ln88_56_fu_26659_p2     |     |        | add_ln88_56     | add | fabric | 0       |
|   add_ln88_57_fu_26669_p2     |     |        | add_ln88_57     | add | fabric | 0       |
|   add_ln88_58_fu_26679_p2     |     |        | add_ln88_58     | add | fabric | 0       |
|   add_ln88_59_fu_26689_p2     |     |        | add_ln88_59     | add | fabric | 0       |
|   add_ln88_62_fu_26715_p2     |     |        | add_ln88_62     | add | fabric | 0       |
|   hit_cnt_24_fu_26725_p2      |     |        | hit_cnt_24      | add | fabric | 0       |
|   add_ln88_64_fu_26871_p2     |     |        | add_ln88_64     | add | fabric | 0       |
|   add_ln88_65_fu_26881_p2     |     |        | add_ln88_65     | add | fabric | 0       |
|   add_ln88_66_fu_26891_p2     |     |        | add_ln88_66     | add | fabric | 0       |
|   add_ln88_67_fu_26901_p2     |     |        | add_ln88_67     | add | fabric | 0       |
|   add_ln88_70_fu_26927_p2     |     |        | add_ln88_70     | add | fabric | 0       |
|   hit_cnt_25_fu_26937_p2      |     |        | hit_cnt_25      | add | fabric | 0       |
|   add_ln88_72_fu_27042_p2     |     |        | add_ln88_72     | add | fabric | 0       |
|   add_ln88_73_fu_27052_p2     |     |        | add_ln88_73     | add | fabric | 0       |
|   add_ln88_74_fu_27062_p2     |     |        | add_ln88_74     | add | fabric | 0       |
|   add_ln88_75_fu_27072_p2     |     |        | add_ln88_75     | add | fabric | 0       |
|   add_ln88_78_fu_27098_p2     |     |        | add_ln88_78     | add | fabric | 0       |
|   hit_cnt_26_fu_27108_p2      |     |        | hit_cnt_26      | add | fabric | 0       |
|   add_i_i60_i_fu_27183_p2     |     |        | add_i_i60_i     | add | fabric | 0       |
|   ii_869_fu_27207_p2          |     |        | ii_869          | add | fabric | 0       |
|   t_fu_27221_p2               |     |        | t               | add | fabric | 0       |
|   t_3_fu_27247_p2             |     |        | t_3             | add | fabric | 0       |
|   add_ln88_80_fu_27277_p2     |     |        | add_ln88_80     | add | fabric | 0       |
|   add_ln88_81_fu_27286_p2     |     |        | add_ln88_81     | add | fabric | 0       |
|   add_ln88_82_fu_27294_p2     |     |        | add_ln88_82     | add | fabric | 0       |
|   add_ln88_83_fu_27304_p2     |     |        | add_ln88_83     | add | fabric | 0       |
|   add_ln88_86_fu_27325_p2     |     |        | add_ln88_86     | add | fabric | 0       |
|   hit_cnt_35_fu_27335_p2      |     |        | hit_cnt_35      | add | fabric | 0       |
|   add_ln88_88_fu_27344_p2     |     |        | add_ln88_88     | add | fabric | 0       |
|   add_ln88_89_fu_27353_p2     |     |        | add_ln88_89     | add | fabric | 0       |
|   add_ln88_90_fu_27361_p2     |     |        | add_ln88_90     | add | fabric | 0       |
|   add_ln88_91_fu_27371_p2     |     |        | add_ln88_91     | add | fabric | 0       |
|   add_ln88_94_fu_27392_p2     |     |        | add_ln88_94     | add | fabric | 0       |
|   hit_cnt_36_fu_27402_p2      |     |        | hit_cnt_36      | add | fabric | 0       |
|   add_ln88_96_fu_27420_p2     |     |        | add_ln88_96     | add | fabric | 0       |
|   add_ln88_97_fu_27429_p2     |     |        | add_ln88_97     | add | fabric | 0       |
|   add_ln88_98_fu_27437_p2     |     |        | add_ln88_98     | add | fabric | 0       |
|   add_ln88_99_fu_27447_p2     |     |        | add_ln88_99     | add | fabric | 0       |
|   add_ln88_102_fu_27468_p2    |     |        | add_ln88_102    | add | fabric | 0       |
|   hit_cnt_37_fu_27478_p2      |     |        | hit_cnt_37      | add | fabric | 0       |
|   add_ln88_104_fu_27496_p2    |     |        | add_ln88_104    | add | fabric | 0       |
|   add_ln88_105_fu_27505_p2    |     |        | add_ln88_105    | add | fabric | 0       |
|   add_ln88_106_fu_27513_p2    |     |        | add_ln88_106    | add | fabric | 0       |
|   add_ln88_107_fu_27523_p2    |     |        | add_ln88_107    | add | fabric | 0       |
|   add_ln88_110_fu_27544_p2    |     |        | add_ln88_110    | add | fabric | 0       |
|   hit_cnt_38_fu_27554_p2      |     |        | hit_cnt_38      | add | fabric | 0       |
|   add_ln88_112_fu_27572_p2    |     |        | add_ln88_112    | add | fabric | 0       |
|   add_ln88_113_fu_27581_p2    |     |        | add_ln88_113    | add | fabric | 0       |
|   add_ln88_114_fu_27589_p2    |     |        | add_ln88_114    | add | fabric | 0       |
|   add_ln88_115_fu_27599_p2    |     |        | add_ln88_115    | add | fabric | 0       |
|   add_ln88_118_fu_27620_p2    |     |        | add_ln88_118    | add | fabric | 0       |
|   hit_cnt_39_fu_27630_p2      |     |        | hit_cnt_39      | add | fabric | 0       |
|   add_ln88_120_fu_27648_p2    |     |        | add_ln88_120    | add | fabric | 0       |
|   add_ln88_121_fu_27657_p2    |     |        | add_ln88_121    | add | fabric | 0       |
|   add_ln88_122_fu_27665_p2    |     |        | add_ln88_122    | add | fabric | 0       |
|   add_ln88_123_fu_27675_p2    |     |        | add_ln88_123    | add | fabric | 0       |
|   add_ln88_126_fu_27696_p2    |     |        | add_ln88_126    | add | fabric | 0       |
|   hit_cnt_40_fu_27706_p2      |     |        | hit_cnt_40      | add | fabric | 0       |
|   add_ln88_128_fu_27724_p2    |     |        | add_ln88_128    | add | fabric | 0       |
|   add_ln88_129_fu_27733_p2    |     |        | add_ln88_129    | add | fabric | 0       |
|   add_ln88_130_fu_27741_p2    |     |        | add_ln88_130    | add | fabric | 0       |
|   add_ln88_131_fu_27751_p2    |     |        | add_ln88_131    | add | fabric | 0       |
|   add_ln88_134_fu_27772_p2    |     |        | add_ln88_134    | add | fabric | 0       |
|   hit_cnt_41_fu_27782_p2      |     |        | hit_cnt_41      | add | fabric | 0       |
|   add_ln88_136_fu_27800_p2    |     |        | add_ln88_136    | add | fabric | 0       |
|   add_ln88_137_fu_27809_p2    |     |        | add_ln88_137    | add | fabric | 0       |
|   add_ln88_138_fu_27817_p2    |     |        | add_ln88_138    | add | fabric | 0       |
|   add_ln88_139_fu_27827_p2    |     |        | add_ln88_139    | add | fabric | 0       |
|   add_ln88_142_fu_27848_p2    |     |        | add_ln88_142    | add | fabric | 0       |
|   hit_cnt_42_fu_27858_p2      |     |        | hit_cnt_42      | add | fabric | 0       |
|   add_ln88_144_fu_27876_p2    |     |        | add_ln88_144    | add | fabric | 0       |
|   add_ln88_145_fu_27885_p2    |     |        | add_ln88_145    | add | fabric | 0       |
|   add_ln88_146_fu_27893_p2    |     |        | add_ln88_146    | add | fabric | 0       |
|   add_ln88_147_fu_27903_p2    |     |        | add_ln88_147    | add | fabric | 0       |
|   add_ln88_150_fu_27924_p2    |     |        | add_ln88_150    | add | fabric | 0       |
|   hit_cnt_43_fu_27934_p2      |     |        | hit_cnt_43      | add | fabric | 0       |
|   add_ln88_152_fu_27952_p2    |     |        | add_ln88_152    | add | fabric | 0       |
|   add_ln88_153_fu_27961_p2    |     |        | add_ln88_153    | add | fabric | 0       |
|   add_ln88_154_fu_27969_p2    |     |        | add_ln88_154    | add | fabric | 0       |
|   add_ln88_155_fu_27979_p2    |     |        | add_ln88_155    | add | fabric | 0       |
|   add_ln88_158_fu_28000_p2    |     |        | add_ln88_158    | add | fabric | 0       |
|   hit_cnt_44_fu_28010_p2      |     |        | hit_cnt_44      | add | fabric | 0       |
|   add_ln88_160_fu_28028_p2    |     |        | add_ln88_160    | add | fabric | 0       |
|   add_ln88_161_fu_28037_p2    |     |        | add_ln88_161    | add | fabric | 0       |
|   add_ln88_162_fu_28045_p2    |     |        | add_ln88_162    | add | fabric | 0       |
|   add_ln88_163_fu_28055_p2    |     |        | add_ln88_163    | add | fabric | 0       |
|   add_ln88_166_fu_28076_p2    |     |        | add_ln88_166    | add | fabric | 0       |
|   hit_cnt_45_fu_28086_p2      |     |        | hit_cnt_45      | add | fabric | 0       |
|   add_ln88_168_fu_28104_p2    |     |        | add_ln88_168    | add | fabric | 0       |
|   add_ln88_169_fu_28113_p2    |     |        | add_ln88_169    | add | fabric | 0       |
|   add_ln88_170_fu_28121_p2    |     |        | add_ln88_170    | add | fabric | 0       |
|   add_ln88_171_fu_28131_p2    |     |        | add_ln88_171    | add | fabric | 0       |
|   add_ln88_174_fu_28152_p2    |     |        | add_ln88_174    | add | fabric | 0       |
|   hit_cnt_46_fu_28162_p2      |     |        | hit_cnt_46      | add | fabric | 0       |
|   add_ln88_176_fu_28180_p2    |     |        | add_ln88_176    | add | fabric | 0       |
|   add_ln88_177_fu_28189_p2    |     |        | add_ln88_177    | add | fabric | 0       |
|   add_ln88_178_fu_28197_p2    |     |        | add_ln88_178    | add | fabric | 0       |
|   add_ln88_179_fu_28207_p2    |     |        | add_ln88_179    | add | fabric | 0       |
|   add_ln88_182_fu_28228_p2    |     |        | add_ln88_182    | add | fabric | 0       |
|   hit_cnt_47_fu_28238_p2      |     |        | hit_cnt_47      | add | fabric | 0       |
|   add_ln88_184_fu_28256_p2    |     |        | add_ln88_184    | add | fabric | 0       |
|   add_ln88_185_fu_28265_p2    |     |        | add_ln88_185    | add | fabric | 0       |
|   add_ln88_186_fu_28273_p2    |     |        | add_ln88_186    | add | fabric | 0       |
|   add_ln88_187_fu_28283_p2    |     |        | add_ln88_187    | add | fabric | 0       |
|   add_ln88_190_fu_28304_p2    |     |        | add_ln88_190    | add | fabric | 0       |
|   hit_cnt_48_fu_28314_p2      |     |        | hit_cnt_48      | add | fabric | 0       |
|   add_i_i60_i1824_fu_28544_p2 |     |        | add_i_i60_i1824 | add | fabric | 0       |
|   ii_871_fu_28568_p2          |     |        | ii_871          | add | fabric | 0       |
|   t_5_fu_28582_p2             |     |        | t_5             | add | fabric | 0       |
|   t_7_fu_28608_p2             |     |        | t_7             | add | fabric | 0       |
|   add_i_i60_i1859_fu_28823_p2 |     |        | add_i_i60_i1859 | add | fabric | 0       |
|   ii_873_fu_28847_p2          |     |        | ii_873          | add | fabric | 0       |
|   t_9_fu_28861_p2             |     |        | t_9             | add | fabric | 0       |
|   t_11_fu_28887_p2            |     |        | t_11            | add | fabric | 0       |
+-------------------------------+-----+--------+-----------------+-----+--------+---------+


================================================================
== Storage Report
================================================================
  No bind storage info in design

================================================================
== Pragma Report
================================================================
* Valid Pragma Syntax
+-----------+------------------------------+------------------------------------------------------------+
| Type      | Options                      | Location                                                   |
+-----------+------------------------------+------------------------------------------------------------+
| interface | ap_fifo port=s_fadc_vxs_hits | ecal_cosmic_hls.cpp:19 in ecal_cosmic_hls, s_fadc_vxs_hits |
| interface | ap_fifo port=s_smo_trig_t[0] | ecal_cosmic_hls.cpp:20 in ecal_cosmic_hls, s_smo_trig_t[0] |
| interface | ap_fifo port=s_smo_trig_t[1] | ecal_cosmic_hls.cpp:21 in ecal_cosmic_hls, s_smo_trig_t[1] |
| interface | ap_fifo port=s_smo_trig_t[2] | ecal_cosmic_hls.cpp:22 in ecal_cosmic_hls, s_smo_trig_t[2] |
| interface | ap_fifo port=s_trigger_t     | ecal_cosmic_hls.cpp:23 in ecal_cosmic_hls, s_trigger_t     |
| pipeline  | II=1 style=flp               | ecal_cosmic_hls.cpp:25 in ecal_cosmic_hls                  |
+-----------+------------------------------+------------------------------------------------------------+


